2026-04-15 15:51:24,157 INFO 140394425110016 execute_service.py[line:365] the server timezone is UTC+08:00
2026-04-15 15:51:24,158 INFO 140394425110016 step.py[line:83] ###step###{"steps": [{"number": "1", "name": "step1", "zh": "开始执行", "en": "begin"}, {"number": "2", "name": "step2", "zh": "执行中", "en": "running"}, {"number": "3", "name": "step3", "zh": "执行结束", "en": "end"}]}
2026-04-15 15:51:24,159 INFO 140394425110016 step.py[line:104] Run the step step1.
2026-04-15 15:51:24,159 INFO 140394425110016 step.py[line:118] ###step###{"currentStep": {"name": "step1", "number": "1", "status": 1, "detail": {"zh": "", "en": ""}, "filePaths": []}}
2026-04-15 15:51:24,160 INFO 140394425110016 step.py[line:142] Step is: step1, the detail is: success
2026-04-15 15:51:24,161 INFO 140394425110016 step.py[line:153] ###step###{"currentStep": {"name": "step1", "number": "1", "status": "2", "detail": {"zh": "执行成功", "en": "success"}}}
2026-04-15 15:51:24,161 INFO 140394425110016 main.py[line:114] toolversion: V20251110
2026-04-15 15:51:24,162 INFO 140394425110016 main.py[line:124] Input Subtool_1: 300
2026-04-15 15:51:24,162 INFO 140394425110016 main.py[line:124] Input PlannedAreaID: 
2026-04-15 15:51:24,163 INFO 140394425110016 main.py[line:124] Input ParaFile: 20260415_155110_734_9830/300_5G站点小区信息导出工具模板_样例_20230606.xlsx
2026-04-15 15:51:24,163 INFO 140394425110016 main.py[line:124] Input Operation: 0
2026-04-15 15:51:24,164 INFO 140394425110016 main.py[line:124] Input ChooseNE: 0
2026-04-15 15:51:24,164 INFO 140394425110016 main.py[line:151] Operation: 参数核查
2026-04-15 15:51:24,165 INFO 140394425110016 step.py[line:104] Run the step step2.
2026-04-15 15:51:24,165 INFO 140394425110016 step.py[line:118] ###step###{"currentStep": {"name": "step2", "number": "2", "status": 1, "detail": {"zh": "", "en": ""}, "filePaths": []}}
2026-04-15 15:51:24,168 INFO 140394425110016 checkflow.py[line:1335] Read parafile
2026-04-15 15:51:24,506 INFO 140394425110016 checkflow.py[line:1221] Total number of NE to be checked: 2198
2026-04-15 15:51:24,509 INFO 140394425110016 checkflow.py[line:1245] Number of NE satisfy MEIDList.mimVersionList: SDR: 925, ITBBU: 1273
2026-04-15 15:51:25,998 INFO 140394425110016 nrparacheck.py[line:109] Begin to check parameter
2026-04-15 15:51:26,197 INFO 140394425110016 cellinfoexport.py[line:142] Query ITRAN scene: V5.75.10, NE num: 1257
2026-04-15 15:51:50,701 INFO 140394425110016 common.py[line:241] Progress: 76.92%
2026-04-15 15:51:57,393 INFO 140394425110016 common.py[line:241] Progress: 100.00%
2026-04-15 15:51:57,394 INFO 140394425110016 cellinfoexport.py[line:142] Query ITRAN scene: V5.75.20, NE num: 16
2026-04-15 15:51:58,111 INFO 140394425110016 common.py[line:241] Progress: 100.00%
2026-04-15 15:52:00,647 INFO 140394425110016 cellinfoexport.py[line:256] Query SDR FDD scene, NE num: 866
2026-04-15 15:52:01,090 INFO 140394425110016 cellinfoexport.py[line:267] Progress: 23.09%
2026-04-15 15:52:01,454 INFO 140394425110016 cellinfoexport.py[line:267] Progress: 46.19%
2026-04-15 15:52:01,870 INFO 140394425110016 cellinfoexport.py[line:267] Progress: 69.28%
2026-04-15 15:52:02,284 INFO 140394425110016 cellinfoexport.py[line:267] Progress: 92.38%
2026-04-15 15:52:02,481 INFO 140394425110016 cellinfoexport.py[line:267] Progress: 100.00%
2026-04-15 15:52:02,638 INFO 140394425110016 cellinfoexport.py[line:279] Query SDR NB scene, NE num: 249
2026-04-15 15:52:03,109 INFO 140394425110016 common.py[line:241] Progress: 100.00%
2026-04-15 15:52:06,033 INFO 140394425110016 cellinfoexport.py[line:244] Export cell information completely
2026-04-15 15:52:06,041 INFO 140394425110016 checkflow.py[line:1386] Check parameter completely
2026-04-15 15:52:06,041 INFO 140394425110016 common.py[line:302] ************************************************************
2026-04-15 15:52:06,042 INFO 140394425110016 common.py[line:303] *                                                          *
2026-04-15 15:52:06,043 INFO 140394425110016 common.py[line:304] *            execute successfully                          *
2026-04-15 15:52:06,043 INFO 140394425110016 common.py[line:307] *                                                          *
2026-04-15 15:52:06,044 INFO 140394425110016 common.py[line:308] ************************************************************
