2026-04-21 17:18:10,427 INFO 139673066304320 execute_service.py[line:365] the server timezone is UTC+08:00
2026-04-21 17:18:10,433 INFO 139673066304320 step.py[line:83] ###step###{"steps": [{"number": "1", "name": "step1", "zh": "开始执行", "en": "begin"}, {"number": "2", "name": "step2", "zh": "执行中", "en": "running"}, {"number": "3", "name": "step3", "zh": "执行结束", "en": "end"}]}
2026-04-21 17:18:10,434 INFO 139673066304320 step.py[line:104] Run the step step1.
2026-04-21 17:18:10,434 INFO 139673066304320 step.py[line:118] ###step###{"currentStep": {"name": "step1", "number": "1", "status": 1, "detail": {"zh": "", "en": ""}, "filePaths": []}}
2026-04-21 17:18:10,435 INFO 139673066304320 step.py[line:142] Step is: step1, the detail is: success
2026-04-21 17:18:10,436 INFO 139673066304320 step.py[line:153] ###step###{"currentStep": {"name": "step1", "number": "1", "status": "2", "detail": {"zh": "执行成功", "en": "success"}}}
2026-04-21 17:18:10,436 INFO 139673066304320 main.py[line:114] toolversion: V20251110
2026-04-21 17:18:10,437 INFO 139673066304320 main.py[line:124] Input Subtool_1: 300
2026-04-21 17:18:10,438 INFO 139673066304320 main.py[line:124] Input PlannedAreaID: 
2026-04-21 17:18:10,438 INFO 139673066304320 main.py[line:124] Input ParaFile: 20260421_171337_414_6921/300_5G站点小区信息导出工具模板_样例_20230606.xlsx
2026-04-21 17:18:10,439 INFO 139673066304320 main.py[line:124] Input Operation: 0
2026-04-21 17:18:10,439 INFO 139673066304320 main.py[line:124] Input ChooseNE: 0
2026-04-21 17:18:10,440 INFO 139673066304320 main.py[line:151] Operation: 参数核查
2026-04-21 17:18:10,440 INFO 139673066304320 step.py[line:104] Run the step step2.
2026-04-21 17:18:10,441 INFO 139673066304320 step.py[line:118] ###step###{"currentStep": {"name": "step2", "number": "2", "status": 1, "detail": {"zh": "", "en": ""}, "filePaths": []}}
2026-04-21 17:18:10,444 INFO 139673066304320 checkflow.py[line:1335] Read parafile
2026-04-21 17:18:10,779 INFO 139673066304320 checkflow.py[line:1221] Total number of NE to be checked: 2170
2026-04-21 17:18:10,781 INFO 139673066304320 checkflow.py[line:1245] Number of NE satisfy MEIDList.mimVersionList: SDR: 897, ITBBU: 1273
2026-04-21 17:18:12,195 INFO 139673066304320 nrparacheck.py[line:109] Begin to check parameter
2026-04-21 17:18:12,395 INFO 139673066304320 cellinfoexport.py[line:142] Query ITRAN scene: V5.75.10, NE num: 1257
2026-04-21 17:18:38,100 INFO 139673066304320 common.py[line:241] Progress: 76.92%
2026-04-21 17:18:45,037 INFO 139673066304320 common.py[line:241] Progress: 100.00%
2026-04-21 17:18:45,039 INFO 139673066304320 cellinfoexport.py[line:142] Query ITRAN scene: V5.75.20, NE num: 16
2026-04-21 17:18:45,814 INFO 139673066304320 common.py[line:241] Progress: 100.00%
2026-04-21 17:18:48,410 INFO 139673066304320 cellinfoexport.py[line:256] Query SDR FDD scene, NE num: 838
2026-04-21 17:18:48,856 INFO 139673066304320 cellinfoexport.py[line:267] Progress: 23.87%
2026-04-21 17:18:49,282 INFO 139673066304320 cellinfoexport.py[line:267] Progress: 47.73%
2026-04-21 17:18:49,660 INFO 139673066304320 cellinfoexport.py[line:267] Progress: 71.60%
2026-04-21 17:18:50,088 INFO 139673066304320 cellinfoexport.py[line:267] Progress: 95.47%
2026-04-21 17:18:50,238 INFO 139673066304320 cellinfoexport.py[line:267] Progress: 100.00%
2026-04-21 17:18:50,392 INFO 139673066304320 cellinfoexport.py[line:279] Query SDR NB scene, NE num: 246
2026-04-21 17:18:50,829 INFO 139673066304320 common.py[line:241] Progress: 100.00%
2026-04-21 17:18:53,786 INFO 139673066304320 cellinfoexport.py[line:244] Export cell information completely
2026-04-21 17:18:53,795 INFO 139673066304320 checkflow.py[line:1386] Check parameter completely
2026-04-21 17:18:53,796 INFO 139673066304320 common.py[line:302] ************************************************************
2026-04-21 17:18:53,797 INFO 139673066304320 common.py[line:303] *                                                          *
2026-04-21 17:18:53,797 INFO 139673066304320 common.py[line:304] *            execute successfully                          *
2026-04-21 17:18:53,798 INFO 139673066304320 common.py[line:307] *                                                          *
2026-04-21 17:18:53,798 INFO 139673066304320 common.py[line:308] ************************************************************
