2026-04-07 15:43:39,031 INFO 139771527733696 execute_service.py[line:365] the server timezone is UTC+08:00
2026-04-07 15:43:39,032 INFO 139771527733696 step.py[line:83] ###step###{"steps": [{"number": "1", "name": "step1", "zh": "开始执行", "en": "begin"}, {"number": "2", "name": "step2", "zh": "执行中", "en": "running"}, {"number": "3", "name": "step3", "zh": "执行结束", "en": "end"}]}
2026-04-07 15:43:39,033 INFO 139771527733696 step.py[line:104] Run the step step1.
2026-04-07 15:43:39,034 INFO 139771527733696 step.py[line:118] ###step###{"currentStep": {"name": "step1", "number": "1", "status": 1, "detail": {"zh": "", "en": ""}, "filePaths": []}}
2026-04-07 15:43:39,034 INFO 139771527733696 step.py[line:142] Step is: step1, the detail is: success
2026-04-07 15:43:39,035 INFO 139771527733696 step.py[line:153] ###step###{"currentStep": {"name": "step1", "number": "1", "status": "2", "detail": {"zh": "执行成功", "en": "success"}}}
2026-04-07 15:43:39,035 INFO 139771527733696 main.py[line:114] toolversion: V20251110
2026-04-07 15:43:39,036 INFO 139771527733696 main.py[line:124] Input Subtool_1: 300
2026-04-07 15:43:39,037 INFO 139771527733696 main.py[line:124] Input PlannedAreaID: 
2026-04-07 15:43:39,037 INFO 139771527733696 main.py[line:124] Input ParaFile: 20260407_154324_421_3003/300_5G站点小区信息导出工具模板_样例_20230606.xlsx
2026-04-07 15:43:39,038 INFO 139771527733696 main.py[line:124] Input Operation: 0
2026-04-07 15:43:39,038 INFO 139771527733696 main.py[line:124] Input ChooseNE: 0
2026-04-07 15:43:39,039 INFO 139771527733696 main.py[line:151] Operation: 参数核查
2026-04-07 15:43:39,039 INFO 139771527733696 step.py[line:104] Run the step step2.
2026-04-07 15:43:39,040 INFO 139771527733696 step.py[line:118] ###step###{"currentStep": {"name": "step2", "number": "2", "status": 1, "detail": {"zh": "", "en": ""}, "filePaths": []}}
2026-04-07 15:43:39,043 INFO 139771527733696 checkflow.py[line:1335] Read parafile
2026-04-07 15:43:39,378 INFO 139771527733696 checkflow.py[line:1221] Total number of NE to be checked: 2197
2026-04-07 15:43:39,381 INFO 139771527733696 checkflow.py[line:1245] Number of NE satisfy MEIDList.mimVersionList: SDR: 925, ITBBU: 1272
2026-04-07 15:43:40,673 INFO 139771527733696 nrparacheck.py[line:109] Begin to check parameter
2026-04-07 15:43:40,863 INFO 139771527733696 cellinfoexport.py[line:142] Query ITRAN scene: V5.75.10, NE num: 1257
2026-04-07 15:44:04,599 INFO 139771527733696 common.py[line:241] Progress: 76.92%
2026-04-07 15:44:10,740 INFO 139771527733696 common.py[line:241] Progress: 100.00%
2026-04-07 15:44:10,741 INFO 139771527733696 cellinfoexport.py[line:142] Query ITRAN scene: V5.75.20, NE num: 15
2026-04-07 15:44:11,446 INFO 139771527733696 common.py[line:241] Progress: 100.00%
2026-04-07 15:44:13,917 INFO 139771527733696 cellinfoexport.py[line:256] Query SDR FDD scene, NE num: 866
2026-04-07 15:44:14,316 INFO 139771527733696 cellinfoexport.py[line:267] Progress: 23.09%
2026-04-07 15:44:14,733 INFO 139771527733696 cellinfoexport.py[line:267] Progress: 46.19%
2026-04-07 15:44:15,139 INFO 139771527733696 cellinfoexport.py[line:267] Progress: 69.28%
2026-04-07 15:44:15,538 INFO 139771527733696 cellinfoexport.py[line:267] Progress: 92.38%
2026-04-07 15:44:15,725 INFO 139771527733696 cellinfoexport.py[line:267] Progress: 100.00%
2026-04-07 15:44:15,881 INFO 139771527733696 cellinfoexport.py[line:279] Query SDR NB scene, NE num: 249
2026-04-07 15:44:16,344 INFO 139771527733696 common.py[line:241] Progress: 100.00%
2026-04-07 15:44:19,236 INFO 139771527733696 cellinfoexport.py[line:244] Export cell information completely
2026-04-07 15:44:19,243 INFO 139771527733696 checkflow.py[line:1386] Check parameter completely
2026-04-07 15:44:19,244 INFO 139771527733696 common.py[line:302] ************************************************************
2026-04-07 15:44:19,245 INFO 139771527733696 common.py[line:303] *                                                          *
2026-04-07 15:44:19,245 INFO 139771527733696 common.py[line:304] *            execute successfully                          *
2026-04-07 15:44:19,246 INFO 139771527733696 common.py[line:307] *                                                          *
2026-04-07 15:44:19,246 INFO 139771527733696 common.py[line:308] ************************************************************
